start 14.10%
  main 13.93%
    rvmRun 13.70%
      rvmCallVoidClassMethod 13.70%
        rvmCallVoidClassMethodA 13.70%
          callVoidMethod 13.57%
            _call0 13.57%
              [J]forge.ios.Main.main([Ljava/lang/String)V 13.57%
                [j]org.robovm.apple.uikit.UIApplication.main([Ljava/lang/StringLjava/lang/ClassLjava/lang/Class)V[clinit] 13.55%
                  [J]org.robovm.apple.uikit.UIApplication.main([Ljava/lang/StringLjava/lang/ClassLjava/lang/Class)V 13.41%
                    [J]org.robovm.apple.uikit.UIApplication.main(ILorg/robovm/rt/bro/ptr/BytePtr$BytePtrPtrLjava/lang/StringLjava/lang/String)I 13.41%
                      UIApplicationMain 13.41%
                        -[UIApplication _run] 13.39%
                          GSEventRunModal 13.39%
                            _CFRunLoopRunSpecificWithOptions 13.39%
                              __CFRunLoopRun 13.39%
                                __CFRunLoopDoSource1 5.93%
                                  __CFRUNLOOP_IS_CALLING_OUT_TO_A_SOURCE1_PERFORM_FUNCTION__ 5.93%
                                    __CFMachPortPerform 5.93%
                                      UC::DriverCore::continueProcessing() 5.93%
                                        schedulerStepScheduledMainSectionContinue 5.93%
                                          _UIUpdateSequenceRunNext 5.93%
                                            CA::Display::DisplayLink::dispatch_deferred_display_links(unsigned int) 5.93%
                                              CA::Display::DisplayLink::dispatch_items(unsigned long long, unsigned long long, unsigned long long) 5.93%
                                                CA::Display::DisplayLinkItem::dispatch_(CA::SignPost::Interval<(CA::SignPost::CAEventCode)835322056>&) 5.93%
                                                  -[GLKViewController _updateAndDraw] 5.93%
                                                    [j]com.badlogic.gdx.backends.iosrobovm.IOSGraphics$IOSViewDelegate.$cb$glkViewControllerUpdate$(Lcom/badlogic/gdx/backends/iosrobovm/IOSGraphics$IOSViewDelegateLorg/robovm/objc/SelectorLorg/robovm/apple/glkit/GLKViewController)V[callback] 5.67%
                                                      [J]com.badlogic.gdx.backends.iosrobovm.IOSGraphics$IOSViewDelegate.$cb$glkViewControllerUpdate$(Lcom/badlogic/gdx/backends/iosrobovm/IOSGraphics$IOSViewDelegateLorg/robovm/objc/SelectorLorg/robovm/apple/glkit/GLKViewController)V 5.67%
                                                        [J]com.badlogic.gdx.backends.iosrobovm.IOSGraphics$IOSViewDelegate.update(Lorg/robovm/apple/glkit/GLKViewController)V 5.67%
                                                          [J]com.badlogic.gdx.backends.iosrobovm.IOSGraphics.update(Lorg/robovm/apple/glkit/GLKViewController)V 5.67%
                                                            [J]com.badlogic.gdx.backends.iosrobovm.IOSApplication.processRunnables()V 5.67%
                                                              [J]forge.assets.FSkinFont$1.run()V 5.62%
                                                                [j]forge.assets.BitmapFontWriter.writeFont(Lcom/badlogic/gdx/graphics/g2d/BitmapFont$BitmapFontData[Ljava/lang/StringLcom/badlogic/gdx/files/FileHandleLforge/assets/BitmapFontWriter$FontInfoII)V[clinit] 2.12%
                                                                  [J]forge.assets.BitmapFontWriter.writeFont(Lcom/badlogic/gdx/graphics/g2d/BitmapFont$BitmapFontData[Ljava/lang/StringLcom/badlogic/gdx/files/FileHandleLforge/assets/BitmapFontWriter$FontInfoII)V 2.10%
                                                                    [j]java.lang.String.format(Ljava/lang/String[Ljava/lang/Object)Ljava/lang/String[clinit] 1.44%
                                                                      [J]java.lang.String.format(Ljava/lang/String[Ljava/lang/Object)Ljava/lang/String 1.44%
                                                                        [J]java.lang.String.format(Ljava/util/LocaleLjava/lang/String[Ljava/lang/Object)Ljava/lang/String 1.43%
                                                                          [J]java.util.Formatter.format(Ljava/lang/String[Ljava/lang/Object)Ljava/util/Formatter 1.24%
                                                                            [J]java.util.Formatter.format(Ljava/util/LocaleLjava/lang/String[Ljava/lang/Object)Ljava/util/Formatter 1.24%
                                                                [j]forge.assets.BitmapFontWriter.writePixmaps(Lcom/badlogic/gdx/utils/ArrayLcom/badlogic/gdx/files/FileHandleLjava/lang/String)[Ljava/lang/String[clinit] 2.46%
                                                                  [J]forge.assets.BitmapFontWriter.writePixmaps(Lcom/badlogic/gdx/utils/ArrayLcom/badlogic/gdx/files/FileHandleLjava/lang/String)[Ljava/lang/String 2.46%
                                                                    [J]forge.assets.BitmapFontWriter.writePixmaps([Lcom/badlogic/gdx/graphics/PixmapLcom/badlogic/gdx/files/FileHandleLjava/lang/String)[Ljava/lang/String 2.46%
                                                                      [j]com.badlogic.gdx.graphics.PixmapIO.writePNG(Lcom/badlogic/gdx/files/FileHandleLcom/badlogic/gdx/graphics/Pixmap)V[clinit] 2.46%
                                                                        [J]com.badlogic.gdx.graphics.PixmapIO.writePNG(Lcom/badlogic/gdx/files/FileHandleLcom/badlogic/gdx/graphics/Pixmap)V 2.46%
                                                                          [J]com.badlogic.gdx.graphics.PixmapIO.writePNG(Lcom/badlogic/gdx/files/FileHandleLcom/badlogic/gdx/graphics/PixmapIZ)V 2.46%
                                                                            [J]com.badlogic.gdx.graphics.PixmapIO$PNG.write(Lcom/badlogic/gdx/files/FileHandleLcom/badlogic/gdx/graphics/Pixmap)V 1.48%
                                                                              [J]com.badlogic.gdx.graphics.PixmapIO$PNG.write(Ljava/io/OutputStreamLcom/badlogic/gdx/graphics/Pixmap)V 1.48%
                                                                                [J]java.util.zip.DeflaterOutputStream.write([BII)V 1.12%
                                                                                  [J]java.util.zip.DeflaterOutputStream.deflate()V 1.09%
                                                                                    [J]java.util.zip.Deflater.deflate([BII)I 1.06%
                                                                                      [J]java.util.zip.Deflater.deflate([BIII)I 1.06%
                                                                                        [J]java.util.zip.Deflater.deflateBytes(J[BIII)I 1.03%
                                                                                          Java_java_util_zip_Deflater_deflateBytes 1.03%
                                                                                            deflate 1.02%
                                                                                              deflate_slow 1.02%
                                __CFRunLoopDoSources0 7.44%
                                  __CFRunLoopDoSource0 7.44%
                                    __CFRUNLOOP_IS_CALLING_OUT_TO_A_SOURCE0_PERFORM_FUNCTION__ 7.44%
                                      BSServiceMainRunLoopSourceHandler 2.98%
                                        __BSSERVICEMAINRUNLOOPQUEUE_IS_CALLING_OUT_TO_A_BLOCK__ 2.98%
                                          _dispatch_block_invoke_direct 2.98%
                                            _dispatch_client_callout 2.98%
                                              -[FBSWorkspace _calloutQueue_executeCalloutFromSource:withBlock:] 2.97%
                                                __92-[FBSWorkspaceScenesClient createSceneWithIdentity:parameters:transitionContext:completion:]_block_invoke_2 2.96%
                                                  -[FBSWorkspaceScenesClient _callOutQueue_sendDidCreateForScene:transitionContext:completion:] 2.96%
                                                    -[FBSWorkspace _calloutQueue_executeCalloutFromSource:withBlock:] 2.96%
                                                      __93-[FBSWorkspaceScenesClient _callOutQueue_sendDidCreateForScene:transitionContext:completion:]_block_invoke.349 2.96%
                                                        -[FBSScene _callOutQueue_didCreateWithTransitionContext:alternativeCreationCallout:completion:] 2.96%
                                                          -[FBSScene _callOutQueue_maybeCoalesceClientSettingsUpdates:] 2.96%
                                                            __95-[FBSScene _callOutQueue_didCreateWithTransitionContext:alternativeCreationCallout:completion:]_block_invoke 2.96%
                                                              -[UIApplicationSceneClientAgent scene:didInitializeWithEvent:completion:] 2.95%
                                                                -[UIApplication workspace:didCreateScene:withTransitionContext:completion:] 2.95%
                                                                  -[UIScene scene:didUpdateWithDiff:transitionContext:completion:] 2.95%
                                                                    -[UIScene _emitSceneSettingsUpdateResponseForCompletion:afterSceneUpdateWork:] 2.95%
                                                                      __64-[UIScene scene:didUpdateWithDiff:transitionContext:completion:]_block_invoke.218 2.95%
                                                                        -[_UIWindowSceneFBSSceneTransitionContextDrivenLifecycleSettingsDiffAction _performActionsForUIScene:withUpdatedFBSScene:settingsDiff:fromSettings:transitionContext:lifecycleActionType:] 2.95%
                                                                          _UISceneSettingsDiffActionPerformChangesWithTransitionContextAndCompletion 2.95%
                                                                            +[BSAnimationSettings(UIKit) tryAnimatingWithSettings:fromCurrentState:actions:completion:] 2.95%
                                                                              __186-[_UIWindowSceneFBSSceneTransitionContextDrivenLifecycleSettingsDiffAction _performActionsForUIScene:withUpdatedFBSScene:settingsDiff:fromSettings:transitionContext:lifecycleActionType:]_block_invoke 2.95%
                                                                                -[_UISceneLifecycleMultiplexer uiScene:transitionedFromState:withTransitionContext:] 2.95%
                                                                                  -[_UISceneLifecycleMultiplexer _evalTransitionToSettings:fromSettings:forceExit:withTransitionStore:] 2.95%
                                                                                    -[_UISceneLifecycleMultiplexer _performBlock:withApplicationOfDeactivationReasons:fromReasons:] 2.95%
                                                                                      __101-[_UISceneLifecycleMultiplexer _evalTransitionToSettings:fromSettings:forceExit:withTransitionStore:]_block_invoke 2.95%
                                                                                        _UIScenePerformActionsWithLifecycleActionMask 2.95%
                                                                                          -[_UISceneLifecycleMultiplexer completeApplicationLaunchWithFBSScene:transitionContext:] 2.95%
                                                                                            -[UIApplication _runWithMainScene:transitionContext:completion:] 2.95%
                                                                                              -[UIApplication _callInitializationDelegatesWithActions:forScene:payload:fromOriginatingProcess:] 2.94%
                                                                                                -[UIApplication _handleDelegateCallbacksWithOptions:isSuspended:restoreState:] 2.94%
                                                                                                  [j]com.badlogic.gdx.backends.iosrobovm.IOSApplication$Delegate.$cb$application$didFinishLaunchingWithOptions$(Lcom/badlogic/gdx/backends/iosrobovm/IOSApplication$DelegateLorg/robovm/objc/SelectorLorg/robovm/apple/uikit/UIApplicationLorg/robovm/apple/uikit/UIApplicationLaunchOptions)Z[callback] 2.94%
                                                                                                    [J]com.badlogic.gdx.backends.iosrobovm.IOSApplication$Delegate.$cb$application$didFinishLaunchingWithOptions$(Lcom/badlogic/gdx/backends/iosrobovm/IOSApplication$DelegateLorg/robovm/objc/SelectorLorg/robovm/apple/uikit/UIApplicationLorg/robovm/apple/uikit/UIApplicationLaunchOptions)Z 2.94%
                                                                                                      [J]forge.ios.Main.didFinishLaunching(Lorg/robovm/apple/uikit/UIApplicationLorg/robovm/apple/uikit/UIApplicationLaunchOptions)Z 2.94%
                                                                                                        [J]com.badlogic.gdx.backends.iosrobovm.IOSApplication$Delegate.didFinishLaunching(Lorg/robovm/apple/uikit/UIApplicationLorg/robovm/apple/uikit/UIApplicationLaunchOptions)Z 2.94%
                                                                                                          [J]com.badlogic.gdx.backends.iosrobovm.IOSApplication.didFinishLaunching(Lorg/robovm/apple/uikit/UIApplicationLorg/robovm/apple/uikit/UIApplicationLaunchOptions)Z 2.90%
                                                                                                            [J]org.robovm.apple.glkit.GLKView.display()V 2.23%
                                                                                                              [j]org.robovm.objc.$M.void_objc_msgSend_instance(Lorg/robovm/apple/foundation/NSObjectLorg/robovm/objc/Selector)V[clinit] 2.23%
                                                                                                                [J]org.robovm.objc.$M.void_objc_msgSend_instance(Lorg/robovm/apple/foundation/NSObjectLorg/robovm/objc/Selector)V 2.23%
                                                                                                                  [J]org.robovm.objc.$M.void_objc_msgSendSuper(Lorg/robovm/objc/ObjCSuperLorg/robovm/objc/Selector)V 2.23%
                                                                                                                    -[GLKView _display:] 2.23%
                                                                                                                      0x102b16320 2.22%
                                                                                                                        0x102b161e4 2.22%
                                                                                                                          [J]com.badlogic.gdx.backends.iosrobovm.IOSGraphics$1.$cb$drawRect$(Lcom/badlogic/gdx/backends/iosrobovm/IOSGraphics$1Lorg/robovm/objc/SelectorLorg/robovm/apple/coregraphics/CGRect)V 2.22%
                                                                                                                            [J]com.badlogic.gdx.backends.iosrobovm.IOSGraphics$1.draw(Lorg/robovm/apple/coregraphics/CGRect)V 2.22%
                                                                                                                              [J]com.badlogic.gdx.backends.iosrobovm.IOSGraphics.draw(Lorg/robovm/apple/glkit/GLKViewLorg/robovm/apple/coregraphics/CGRect)V 2.22%
                                                                                                                                [J]forge.Forge.render()V 2.22%
                                                                                                                                  [J]forge.toolbox.FContainer.draw(Lforge/Graphics)V 2.19%
                                                                                                                                    [J]forge.screens.SplashScreen.drawBackground(Lforge/Graphics)V 2.19%
                                                                                                                                      [J]forge.screens.SplashScreen$BGAnimation.drawBackground(Lforge/Graphics)V 2.19%
                                                                                                                                        [J]forge.screens.SplashScreen.showSplash(Lforge/GraphicsF)V 2.19%
                                                                                                                                          [J]forge.screens.SplashScreen.drawDisclaimer(Lforge/Graphics)V 2.19%
                                                                                                                                            [J]forge.Graphics.drawText(Ljava/lang/StringLforge/assets/FSkinFontLcom/badlogic/gdx/graphics/ColorFFFFZIZ)V 1.55%
                                                                                                                                              [J]forge.assets.FSkinFont.shrink()Lforge/assets/FSkinFont 1.55%
                                                                                                                                                [J]forge.assets.FSkinFont._get(I)Lforge/assets/FSkinFont 1.55%
                                                                                                                                                  [J]forge.assets.FSkinFont.<init>(I)V 1.55%
                                                                                                                                                    [J]forge.assets.FSkinFont.updateFont()V 1.55%
                                                                                                                                                      [J]forge.assets.FSkinFont.generateFont(Lcom/badlogic/gdx/files/FileHandleLjava/lang/StringI)V 1.55%
                                                                                                                                                        [j]forge.gui.FThreads.invokeInEdtNowOrLater(Ljava/lang/Runnable)V[clinit] 1.03%
                                                                                                                                                          [J]forge.gui.FThreads.invokeInEdtNowOrLater(Ljava/lang/Runnable)V 1.03%
                                                                                                                                                            [J]forge.GuiMobile.invokeInEdtNow(Ljava/lang/Runnable)V 1.03%
                                                                                                                                                              [J]forge.assets.FSkinFont$1.run()V 1.03%
                                      UC::DriverCore::continueProcessing() 4.46%
                                        schedulerStepScheduledMainSectionContinue 4.46%
                                          _UIUpdateSequenceRunNext 4.46%
                                            CA::Display::DisplayLink::dispatch_deferred_display_links(unsigned int) 4.46%
                                              CA::Display::DisplayLink::dispatch_items(unsigned long long, unsigned long long, unsigned long long) 4.46%
                                                CA::Display::DisplayLinkItem::dispatch_(CA::SignPost::Interval<(CA::SignPost::CAEventCode)835322056>&) 4.45%
                                                  -[GLKViewController _updateAndDraw] 4.45%
                                                    -[GLKView _display:] 2.13%
                                                      0x102b16320 2.00%
                                                        0x102b161e4 2.00%
                                                          [J]com.badlogic.gdx.backends.iosrobovm.IOSGraphics$1.$cb$drawRect$(Lcom/badlogic/gdx/backends/iosrobovm/IOSGraphics$1Lorg/robovm/objc/SelectorLorg/robovm/apple/coregraphics/CGRect)V 1.97%
                                                            [J]com.badlogic.gdx.backends.iosrobovm.IOSGraphics$1.draw(Lorg/robovm/apple/coregraphics/CGRect)V 1.96%
                                                              [J]com.badlogic.gdx.backends.iosrobovm.IOSGraphics.draw(Lorg/robovm/apple/glkit/GLKViewLorg/robovm/apple/coregraphics/CGRect)V 1.96%
                                                                [J]forge.Forge.render()V 1.96%
                                                                  [J]forge.toolbox.FContainer.draw(Lforge/Graphics)V 1.78%
                                                                    [J]forge.screens.SplashScreen.drawBackground(Lforge/Graphics)V 1.59%
                                                                      [J]forge.screens.SplashScreen$BGAnimation.drawBackground(Lforge/Graphics)V 1.59%
                                                                        [J]forge.screens.SplashScreen.showSplash(Lforge/GraphicsF)V 1.42%
                                                                          [J]forge.screens.SplashScreen.drawDisclaimer(Lforge/Graphics)V 1.42%
                                                    [j]com.badlogic.gdx.backends.iosrobovm.IOSGraphics$IOSViewDelegate.$cb$glkViewControllerUpdate$(Lcom/badlogic/gdx/backends/iosrobovm/IOSGraphics$IOSViewDelegateLorg/robovm/objc/SelectorLorg/robovm/apple/glkit/GLKViewController)V[callback] 2.31%
                                                      [J]com.badlogic.gdx.backends.iosrobovm.IOSGraphics$IOSViewDelegate.$cb$glkViewControllerUpdate$(Lcom/badlogic/gdx/backends/iosrobovm/IOSGraphics$IOSViewDelegateLorg/robovm/objc/SelectorLorg/robovm/apple/glkit/GLKViewController)V 2.30%
                                                        [J]com.badlogic.gdx.backends.iosrobovm.IOSGraphics$IOSViewDelegate.update(Lorg/robovm/apple/glkit/GLKViewController)V 2.30%
                                                          [J]com.badlogic.gdx.backends.iosrobovm.IOSGraphics.update(Lorg/robovm/apple/glkit/GLKViewController)V 2.30%
                                                            [J]com.badlogic.gdx.backends.iosrobovm.IOSApplication.processRunnables()V 2.30%
                                                              [J]forge.Forge$$Lambda$14.run()V 1.67%
                                                                [J]forge.Forge.lambda$afterDbLoaded$1()V 1.67%
                                                                  [j]forge.assets.FSkin.loadFull(Lforge/screens/SplashScreen)V[clinit] 1.67%
                                                                    [J]forge.assets.FSkin.loadFull(Lforge/screens/SplashScreen)V 1.67%
thread_start 85.78%
  _pthread_start 85.78%
    GC_mark_thread 4.19%
      GC_help_marker 4.18%
        GC_mark_local 4.18%
          GC_do_local_mark 4.02%
            GC_mark_from 3.81%
              markObject 1.38%
                GC_mark_and_push 1.07%
    GC_start_routine 81.58%
      GC_call_with_stack_base 81.58%
        GC_inner_start_routine 81.58%
          startThreadEntryPoint 81.58%
            rvmCallVoidInstanceMethodA 81.58%
              callVoidMethod 81.58%
                _call0 81.58%
                  [J]java.lang.Thread.run()V 81.58%
                    [J]forge.Forge$$Lambda$2.run()V 64.30%
                      [J]forge.Forge.lambda$create$0()V 64.30%
                        [j]forge.assets.FSkinFont.preloadAll(Ljava/lang/String)V[clinit] 2.83%
                          [J]forge.assets.FSkinFont.preloadAll(Ljava/lang/String)V 2.83%
                            [J]forge.assets.FSkinFont._get(I)Lforge/assets/FSkinFont 2.83%
                              [J]forge.assets.FSkinFont.<init>(I)V 2.83%
                                [J]forge.assets.FSkinFont.updateFont()V 2.83%
                                  [J]forge.assets.FSkinFont.generateFont(Lcom/badlogic/gdx/files/FileHandleLjava/lang/StringI)V 2.83%
                                    [J]com.badlogic.gdx.graphics.g2d.freetype.FreeTypeFontGenerator.generateData(Lcom/badlogic/gdx/graphics/g2d/freetype/FreeTypeFontGenerator$FreeTypeFontParameter)Lcom/badlogic/gdx/graphics/g2d/freetype/FreeTypeFontGenerator$FreeTypeBitmapFontData 2.79%
                                      [J]com.badlogic.gdx.graphics.g2d.freetype.FreeTypeFontGenerator.generateData(Lcom/badlogic/gdx/graphics/g2d/freetype/FreeTypeFontGenerator$FreeTypeFontParameterLcom/badlogic/gdx/graphics/g2d/freetype/FreeTypeFontGenerator$FreeTypeBitmapFontData)Lcom/badlogic/gdx/graphics/g2d/freetype/FreeTypeFontGenerator$FreeTypeBitmapFontData 2.78%
                                        [J]com.badlogic.gdx.graphics.g2d.freetype.FreeTypeFontGenerator.createGlyph(CLcom/badlogic/gdx/graphics/g2d/freetype/FreeTypeFontGenerator$FreeTypeBitmapFontDataLcom/badlogic/gdx/graphics/g2d/freetype/FreeTypeFontGenerator$FreeTypeFontParameterLcom/badlogic/gdx/graphics/g2d/freetype/FreeType$StrokerFLcom/badlogic/gdx/graphics/g2d/PixmapPacker)Lcom/badlogic/gdx/graphics/g2d/BitmapFont$Glyph 1.75%
                        [j]forge.model.FModel.initialize(Lforge/gui/interfaces/IProgressBarLjava/util/function/Function)V[clinit] 61.47%
                          [J]forge.model.FModel.initialize(Lforge/gui/interfaces/IProgressBarLjava/util/function/Function)V 61.47%
                            [J]forge.model.FModel.initialize(Lforge/gui/interfaces/IProgressBarLjava/util/function/FunctionZ)V 61.47%
                              [J]forge.model.FModel.getMagicDb()Lforge/StaticData 45.95%
                                [J]com.google.common.base.Suppliers$NonSerializableMemoizingSupplier.get()Ljava/lang/Object 45.95%
                                  [J]forge.model.FModel$$Lambda$3.get()Ljava/lang/Object 45.95%
                                    [j]forge.model.FModel.lambda$static$0()Lforge/StaticData[clinit] 45.95%
                                      [J]forge.model.FModel.lambda$static$0()Lforge/StaticData 45.95%
                                        [J]forge.StaticData.<init>(Lforge/CardStorageReaderLforge/CardStorageReaderLforge/CardStorageReaderLforge/CardStorageReaderLjava/lang/StringLjava/lang/StringLjava/lang/StringLjava/lang/StringLjava/lang/StringZZZZ)V 45.95%
                                          [J]forge.card.CardDb.<init>(Ljava/util/MapLforge/card/CardEdition$CollectionLjava/util/Set)V 2.94%
                                            [J]forge.card.CardDb.addFaceToDbNames(Lforge/card/ICardFace)V 2.56%
                                              [j]org.apache.commons.lang3.StringUtils.stripAccents(Ljava/lang/String)Ljava/lang/String[clinit] 2.28%
                                                [J]org.apache.commons.lang3.StringUtils.stripAccents(Ljava/lang/String)Ljava/lang/String 2.28%
                                                  [J]java.util.regex.Pattern.matcher(Ljava/lang/CharSequence)Ljava/util/regex/Matcher 1.97%
                                                    [J]java.util.regex.Matcher.<init>(Ljava/util/regex/PatternLjava/lang/CharSequence)V 1.95%
                                                      [J]java.util.regex.Matcher.usePattern(Ljava/util/regex/Pattern)Ljava/util/regex/Matcher 1.80%
                                                        [j]com.android.icu.util.regex.MatcherNative.create(Lcom/android/icu/util/regex/PatternNative)Lcom/android/icu/util/regex/MatcherNative[clinit] 1.75%
                                                          [J]com.android.icu.util.regex.MatcherNative.create(Lcom/android/icu/util/regex/PatternNative)Lcom/android/icu/util/regex/MatcherNative 1.75%
                                                            [J]com.android.icu.util.regex.MatcherNative.<init>(Lcom/android/icu/util/regex/PatternNative)V 1.74%
                                                              [J]libcore.util.NativeAllocationRegistry.registerNativeAllocation(Ljava/lang/ObjectJ)Ljava/lang/Runnable 1.68%
                                                                [j]sun.misc.Cleaner.create(Ljava/lang/ObjectLjava/lang/Runnable)Lsun/misc/Cleaner[clinit] 1.64%
                                                                  [J]sun.misc.Cleaner.create(Ljava/lang/ObjectLjava/lang/Runnable)Lsun/misc/Cleaner 1.64%
                                                                    [J]sun.misc.Cleaner.<init>(Ljava/lang/ObjectLjava/lang/Runnable)V 1.57%
                                                                      [J]java.lang.ref.PhantomReference.<init>(Ljava/lang/ObjectLjava/lang/ref/ReferenceQueue)V 1.57%
                                                                        [J]java.lang.ref.Reference.<init>(Ljava/lang/ObjectLjava/lang/ref/ReferenceQueue)V 1.57%
                                                                          [J]java.lang.ref.Reference.register(Ljava/lang/Object)V 1.57%
                                                                            rvmRegisterReference 1.57%
                                                                              GC_register_finalizer_no_order 1.43%
                                                                                GC_register_finalizer_inner 1.42%
                                                                                  GC_generic_malloc_inner 1.41%
                                                                                    GC_allocobj 1.40%
                                                                                      GC_collect_or_expand 1.40%
                                                                                        GC_try_to_collect_inner 1.40%
                                                                                          GC_stopped_mark 1.29%
                                                                                            GC_mark_some 1.17%
                                          [J]forge.card.CardDb.initialize(ZZZ)V 32.99%
                                            [J]forge.card.CardDb.addSetCard(Lforge/card/CardEditionLforge/card/CardEdition$EditionEntryLforge/card/CardRules)V 15.77%
                                              [J]forge.card.CardDb.addCard(Lforge/item/PaperCard)V 3.36%
                                                [J]com.google.common.collect.AbstractListMultimap.put(Ljava/lang/ObjectLjava/lang/Object)Z 2.59%
                                                  [J]com.google.common.collect.AbstractMapBasedMultimap.put(Ljava/lang/ObjectLjava/lang/Object)Z 2.59%
                                                    [J]java.util.ArrayList.add(Ljava/lang/Object)Z 2.03%
                                                      [J]java.util.ArrayList.ensureCapacityInternal(I)V 2.02%
                                                        [J]java.util.ArrayList.ensureExplicitCapacity(I)V 2.01%
                                                          [J]java.util.ArrayList.grow(I)V 2.01%
                                                            [j]java.util.Arrays.copyOf([Ljava/lang/ObjectI)[Ljava/lang/Object[clinit] 2.01%
                                                              [J]java.util.Arrays.copyOf([Ljava/lang/ObjectI)[Ljava/lang/Object 2.01%
                                                                [J]java.util.Arrays.copyOf([Ljava/lang/ObjectILjava/lang/Class)[Ljava/lang/Object 2.01%
                                                                  [j][Ljava/lang/Object[anewarray] 1.97%
                                                                    _bcNewObjectArray 1.96%
                                                                      rvmNewObjectArray 1.96%
                                                                        newArray 1.96%
                                                                          rvmAllocateMemoryForArray 1.95%
                                                                            GC_generic_malloc 1.95%
                                                                              GC_generic_malloc_inner 1.93%
                                                                                GC_allocobj 1.93%
                                                                                  GC_collect_or_expand 1.92%
                                                                                    GC_try_to_collect_inner 1.92%
                                                                                      GC_stopped_mark 1.67%
                                                                                        GC_mark_some 1.57%
                                                                                          GC_do_parallel_mark 1.49%
                                                                                            GC_mark_local 1.49%
                                                                                              GC_do_local_mark 1.48%
                                                                                                GC_mark_from 1.47%
                                              [J]forge.item.PaperCard.<init>(Lforge/card/CardRulesLjava/lang/StringLforge/card/CardRarityIZLjava/lang/StringLjava/lang/StringLjava/lang/String)V 6.83%
                                                [J]forge.item.PaperCard.<init>(Lforge/card/CardRulesLjava/lang/StringLforge/card/CardRarityIZLjava/lang/StringLjava/lang/StringLjava/lang/StringLforge/item/PaperCard$PaperCardFlags)V 6.81%
                                                  [j]forge.util.TextUtil.toSortableName(Ljava/lang/String)Ljava/lang/String[clinit] 6.73%
                                                    [J]forge.util.TextUtil.toSortableName(Ljava/lang/String)Ljava/lang/String 6.73%
                                                      [J]forge.util.TextUtil.moveArticleToEnd(Ljava/lang/String)Ljava/lang/String 1.22%
                                                      [J]java.util.regex.Pattern.matcher(Ljava/lang/CharSequence)Ljava/util/regex/Matcher 4.71%
                                                        [J]java.util.regex.Matcher.<init>(Ljava/util/regex/PatternLjava/lang/CharSequence)V 4.17%
                                                          [J]java.util.regex.Matcher.usePattern(Ljava/util/regex/Pattern)Ljava/util/regex/Matcher 4.00%
                                                            [j]com.android.icu.util.regex.MatcherNative.create(Lcom/android/icu/util/regex/PatternNative)Lcom/android/icu/util/regex/MatcherNative[clinit] 3.93%
                                                              [J]com.android.icu.util.regex.MatcherNative.create(Lcom/android/icu/util/regex/PatternNative)Lcom/android/icu/util/regex/MatcherNative 3.93%
                                                                [J]com.android.icu.util.regex.MatcherNative.<init>(Lcom/android/icu/util/regex/PatternNative)V 3.89%
                                                                  [J]libcore.util.NativeAllocationRegistry.registerNativeAllocation(Ljava/lang/ObjectJ)Ljava/lang/Runnable 3.69%
                                                                    [j]sun.misc.Cleaner.create(Ljava/lang/ObjectLjava/lang/Runnable)Lsun/misc/Cleaner[clinit] 3.55%
                                                                      [J]sun.misc.Cleaner.create(Ljava/lang/ObjectLjava/lang/Runnable)Lsun/misc/Cleaner 3.54%
                                                                        [J]sun.misc.Cleaner.<init>(Ljava/lang/ObjectLjava/lang/Runnable)V 2.99%
                                                                          [J]java.lang.ref.PhantomReference.<init>(Ljava/lang/ObjectLjava/lang/ref/ReferenceQueue)V 2.99%
                                                                            [J]java.lang.ref.Reference.<init>(Ljava/lang/ObjectLjava/lang/ref/ReferenceQueue)V 2.99%
                                                                              [J]java.lang.ref.Reference.register(Ljava/lang/Object)V 2.98%
                                                                                rvmRegisterReference 2.96%
                                                                                  GC_register_finalizer_no_order 1.00%
                                                                                    GC_register_finalizer_inner 1.00%
                                                                                  getReferentEntryForObject 1.91%
                                                                                    allocateMemoryOfKind 1.88%
                                                                                      GC_generic_malloc 1.88%
                                                                                        GC_generic_malloc_inner 1.81%
                                                                                          GC_allocobj 1.80%
                                                                                            GC_collect_or_expand 1.75%
                                                                                              GC_try_to_collect_inner 1.75%
                                                                                                GC_stopped_mark 1.49%
                                                                                                  GC_mark_some 1.42%
                                                                                                    GC_do_parallel_mark 1.37%
                                                                                                      GC_mark_local 1.37%
                                                                                                        GC_do_local_mark 1.36%
                                                                                                          GC_mark_from 1.33%
                                              [j]forge.item.PaperCard[allocator][clinit] 2.40%
                                                _bcAllocate 2.40%
                                                  rvmAllocateObject 2.40%
                                                    rvmAllocateMemoryForObject 2.40%
                                                      GC_gcj_malloc 2.40%
                                                        GC_generic_malloc_many 2.38%
                                                          GC_generic_malloc_inner 2.34%
                                                            GC_allocobj 2.34%
                                                              GC_collect_or_expand 2.34%
                                                                GC_try_to_collect_inner 2.34%
                                                                  GC_stopped_mark 2.02%
                                                                    GC_mark_some 1.86%
                                                                      GC_do_parallel_mark 1.76%
                                                                        GC_mark_local 1.76%
                                                                          GC_do_local_mark 1.75%
                                                                            GC_mark_from 1.74%
                                            [J]forge.card.CardDb.reIndex()V 15.55%
                                              [J]forge.card.CardDb.getFirstNonSpeicalWithImage(Ljava/util/Collection)Lforge/item/PaperCard 15.17%
                                                [J]forge.item.PaperCard.hasImage()Z 15.07%
                                                  [J]forge.item.PaperCard.hasImage(Z)Z 15.07%
                                                    [j]forge.ImageKeys.hasImage(Lforge/item/PaperCardZ)Z[clinit] 15.06%
                                                      [J]forge.ImageKeys.hasImage(Lforge/item/PaperCardZ)Z 15.05%
                                                        [J]forge.item.PaperCard.getCardImageKey()Ljava/lang/String 13.17%
                                                          [j]forge.util.ImageUtil.getImageKey(Lforge/item/PaperCardLjava/lang/StringZ)Ljava/lang/String[clinit] 13.17%
                                                            [J]forge.util.ImageUtil.getImageKey(Lforge/item/PaperCardLjava/lang/StringZ)Ljava/lang/String 13.17%
                                                              [J]forge.util.ImageUtil.getImageRelativePath(Lforge/item/PaperCardLjava/lang/StringZZ)Ljava/lang/String 13.16%
                                                                [J]forge.card.CardDb.getArtCount(Ljava/lang/StringLjava/lang/StringLjava/lang/String)I 3.37%
                                                                  [J]forge.card.CardDb.getAllCards(Ljava/lang/StringLjava/util/function/Predicate)Ljava/util/List 3.33%
                                                                    [J]java.util.stream.ReferencePipeline.collect(Ljava/util/stream/Collector)Ljava/lang/Object 2.63%
                                                                      [J]java.util.stream.AbstractPipeline.evaluate(Ljava/util/stream/TerminalOp)Ljava/lang/Object 2.58%
                                                                        [J]java.util.stream.ReduceOps$ReduceOp.evaluateSequential(Ljava/util/stream/PipelineHelperLjava/util/Spliterator)Ljava/lang/Object 2.53%
                                                                          [J]java.util.stream.AbstractPipeline.wrapAndCopyInto(Ljava/util/stream/SinkLjava/util/Spliterator)Ljava/util/stream/Sink 2.46%
                                                                            [J]java.util.stream.AbstractPipeline.copyInto(Ljava/util/stream/SinkLjava/util/Spliterator)V 2.40%
                                                                              [J]java.util.AbstractList$RandomAccessSpliterator.forEachRemaining(Ljava/util/function/Consumer)V 2.30%
                                                                                [J]java.util.stream.ReferencePipeline$2$1.accept(Ljava/lang/Object)V 2.06%
                                                                                  [J]java.util.stream.ReduceOps$3ReducingSink.accept(Ljava/lang/Object)V 1.93%
                                                                                    [J]java.util.stream.Collectors$$Lambda$3.accept(Ljava/lang/ObjectLjava/lang/Object)V 1.93%
                                                                                      [J]java.util.ArrayList.add(Ljava/lang/Object)Z 1.92%
                                                                                        [J]java.util.ArrayList.ensureCapacityInternal(I)V 1.92%
                                                                                          [J]java.util.ArrayList.ensureExplicitCapacity(I)V 1.91%
                                                                                            [J]java.util.ArrayList.grow(I)V 1.91%
                                                                                              [j]java.util.Arrays.copyOf([Ljava/lang/ObjectI)[Ljava/lang/Object[clinit] 1.90%
                                                                                                [J]java.util.Arrays.copyOf([Ljava/lang/ObjectI)[Ljava/lang/Object 1.90%
                                                                                                  [J]java.util.Arrays.copyOf([Ljava/lang/ObjectILjava/lang/Class)[Ljava/lang/Object 1.89%
                                                                                                    [j][Ljava/lang/Object[anewarray] 1.86%
                                                                                                      _bcNewObjectArray 1.86%
                                                                                                        rvmNewObjectArray 1.86%
                                                                                                          newArray 1.86%
                                                                                                            rvmAllocateMemoryForArray 1.86%
                                                                                                              GC_generic_malloc 1.84%
                                                                                                                GC_generic_malloc_inner 1.83%
                                                                                                                  GC_allocobj 1.83%
                                                                                                                    GC_collect_or_expand 1.83%
                                                                                                                      GC_try_to_collect_inner 1.83%
                                                                                                                        GC_stopped_mark 1.63%
                                                                                                                          GC_mark_some 1.58%
                                                                                                                            GC_do_parallel_mark 1.52%
                                                                                                                              GC_mark_local 1.52%
                                                                                                                                GC_do_local_mark 1.52%
                                                                                                                                  GC_mark_from 1.50%
                                                                [J]forge.card.CardRules.isVariant()Z 2.23%
                                                                  [J]forge.card.CardType.isAttraction()Z 1.32%
                                                                    [J]forge.card.CardType.hasSubtype(Ljava/lang/String)Z 1.32%
                                                                      [J]forge.card.CardType.hasCreatureType(Ljava/lang/String)Z 1.30%
                                                                        [J]forge.card.CardType.toMixedCase(Ljava/lang/String)Ljava/lang/String 1.28%
                                                                          [J]java.lang.String.split(Ljava/lang/String)[Ljava/lang/String 1.17%
                                                                            [J]java.lang.String.split(Ljava/lang/StringI)[Ljava/lang/String 1.17%
                                                                              [j]java.util.regex.Pattern.fastSplit(Ljava/lang/StringLjava/lang/StringI)[Ljava/lang/String[clinit] 1.17%
                                                                                [J]java.util.regex.Pattern.fastSplit(Ljava/lang/StringLjava/lang/StringI)[Ljava/lang/String 1.17%
                                                                                  [j][Ljava/lang/String[anewarray] 1.14%
                                                                                    _bcNewObjectArray 1.14%
                                                                                      rvmNewObjectArray 1.14%
                                                                                        newArray 1.13%
                                                                                          rvmAllocateMemoryForArray 1.13%
                                                                                            GC_generic_malloc 1.13%
                                                                                              GC_generic_malloc_inner 1.12%
                                                                                                GC_allocobj 1.12%
                                                                                                  GC_collect_or_expand 1.11%
                                                                                                    GC_try_to_collect_inner 1.11%
                                                                                                      GC_stopped_mark 1.02%
                                                                [J]forge.util.ImageUtil.toMWSFilename(Ljava/lang/String)Ljava/lang/String 5.00%
                                                                  [j]org.apache.commons.lang3.StringUtils.stripAccents(Ljava/lang/String)Ljava/lang/String[clinit] 4.67%
                                                                    [J]org.apache.commons.lang3.StringUtils.stripAccents(Ljava/lang/String)Ljava/lang/String 4.67%
                                                                      [J]java.util.regex.Pattern.matcher(Ljava/lang/CharSequence)Ljava/util/regex/Matcher 4.03%
                                                                        [J]java.util.regex.Matcher.<init>(Ljava/util/regex/PatternLjava/lang/CharSequence)V 3.50%
                                                                          [J]java.util.regex.Matcher.usePattern(Ljava/util/regex/Pattern)Ljava/util/regex/Matcher 3.31%
                                                                            [j]com.android.icu.util.regex.MatcherNative.create(Lcom/android/icu/util/regex/PatternNative)Lcom/android/icu/util/regex/MatcherNative[clinit] 3.23%
                                                                              [J]com.android.icu.util.regex.MatcherNative.create(Lcom/android/icu/util/regex/PatternNative)Lcom/android/icu/util/regex/MatcherNative 3.23%
                                                                                [J]com.android.icu.util.regex.MatcherNative.<init>(Lcom/android/icu/util/regex/PatternNative)V 2.83%
                                                                                  [J]libcore.util.NativeAllocationRegistry.registerNativeAllocation(Ljava/lang/ObjectJ)Ljava/lang/Runnable 2.72%
                                                                                    [j]sun.misc.Cleaner.create(Ljava/lang/ObjectLjava/lang/Runnable)Lsun/misc/Cleaner[clinit] 2.61%
                                                                                      [J]sun.misc.Cleaner.create(Ljava/lang/ObjectLjava/lang/Runnable)Lsun/misc/Cleaner 2.61%
                                                                                        [J]sun.misc.Cleaner.<init>(Ljava/lang/ObjectLjava/lang/Runnable)V 2.51%
                                                                                          [J]java.lang.ref.PhantomReference.<init>(Ljava/lang/ObjectLjava/lang/ref/ReferenceQueue)V 2.50%
                                                                                            [J]java.lang.ref.Reference.<init>(Ljava/lang/ObjectLjava/lang/ref/ReferenceQueue)V 2.50%
                                                                                              [J]java.lang.ref.Reference.register(Ljava/lang/Object)V 2.50%
                                                                                                rvmRegisterReference 2.49%
                                                                                                  getReferentEntryForObject 1.56%
                                                                                                    allocateMemoryOfKind 1.56%
                                                                                                      GC_generic_malloc 1.56%
                                                                                                        GC_generic_malloc_inner 1.55%
                                                                                                          GC_allocobj 1.55%
                                                                                                            GC_collect_or_expand 1.53%
                                                                                                              GC_try_to_collect_inner 1.53%
                                                                                                                GC_stopped_mark 1.34%
                                                                                                                  GC_mark_some 1.24%
                                                                                                                    GC_do_parallel_mark 1.19%
                                                                                                                      GC_mark_local 1.19%
                                                                                                                        GC_do_local_mark 1.19%
                                                                                                                          GC_mark_from 1.16%
                                                                [j][Ljava/lang/String[anewarray] 1.50%
                                                                  _bcNewObjectArray 1.50%
                                                                    rvmNewObjectArray 1.50%
                                                                      newArray 1.50%
                                                                        rvmAllocateMemoryForArray 1.50%
                                                                          GC_generic_malloc 1.48%
                                                                            GC_generic_malloc_inner 1.48%
                                                                              GC_allocobj 1.46%
                                                                                GC_collect_or_expand 1.44%
                                                                                  GC_try_to_collect_inner 1.44%
                                                                                    GC_stopped_mark 1.29%
                                                                                      GC_mark_some 1.24%
                                                                                        GC_do_parallel_mark 1.19%
                                                                                          GC_mark_local 1.19%
                                                                                            GC_do_local_mark 1.19%
                                                                                              GC_mark_from 1.19%
                                                        [j]org.apache.commons.lang3.StringUtils.split(Ljava/lang/StringLjava/lang/String)[Ljava/lang/String[clinit] 1.32%
                                                          [J]org.apache.commons.lang3.StringUtils.split(Ljava/lang/StringLjava/lang/String)[Ljava/lang/String 1.31%
                                                            [J]org.apache.commons.lang3.StringUtils.splitWorker(Ljava/lang/StringLjava/lang/StringIZ)[Ljava/lang/String 1.31%
                                          [J]forge.card.CardEdition$Collection.<init>(Lforge/util/IItemReader)V 7.82%
                                            [J]forge.util.storage.StorageBase.<init>(Ljava/lang/StringLforge/util/IItemReader)V 7.82%
                                              [J]forge.util.storage.StorageReaderFolder.readAll()Ljava/util/Map 7.82%
                                                [J]forge.card.CardEdition$Reader.read(Ljava/io/File)Ljava/lang/Object 7.80%
                                                  [J]forge.card.CardEdition$Reader.read(Ljava/io/File)Lforge/card/CardEdition 7.78%
                                                    [J]forge.card.CardEdition.<init>(Lcom/google/common/collect/ListMultimapLcom/google/common/collect/ListMultimapLjava/util/Map)V 2.15%
                                                      [J]java.util.stream.ReferencePipeline.collect(Ljava/util/stream/Collector)Ljava/lang/Object 1.12%
                                                        [J]java.util.stream.AbstractPipeline.evaluate(Ljava/util/stream/TerminalOp)Ljava/lang/Object 1.12%
                                                          [J]java.util.stream.ReduceOps$ReduceOp.evaluateSequential(Ljava/util/stream/PipelineHelperLjava/util/Spliterator)Ljava/lang/Object 1.12%
                                                            [J]java.util.stream.AbstractPipeline.wrapAndCopyInto(Ljava/util/stream/SinkLjava/util/Spliterator)Ljava/util/stream/Sink 1.12%
                                                              [J]java.util.stream.AbstractPipeline.copyInto(Ljava/util/stream/SinkLjava/util/Spliterator)V 1.12%
                                                                [J]java.util.ArrayList$ArrayListSpliterator.forEachRemaining(Ljava/util/function/Consumer)V 1.11%
                                                                  [J]java.util.stream.ReduceOps$3ReducingSink.accept(Ljava/lang/Object)V 1.10%
                                                                    [J]com.google.common.collect.CollectCollectors$$Lambda$59.accept(Ljava/lang/ObjectLjava/lang/Object)V 1.10%
                                                                      [j]com.google.common.collect.CollectCollectors.lambda$toMultimap$24(Ljava/util/function/FunctionLjava/util/function/FunctionLcom/google/common/collect/MultimapLjava/lang/Object)V[clinit] 1.09%
                                                                        [J]com.google.common.collect.CollectCollectors.lambda$toMultimap$24(Ljava/util/function/FunctionLjava/util/function/FunctionLcom/google/common/collect/MultimapLjava/lang/Object)V 1.09%
                                                                          [J]com.google.common.collect.AbstractListMultimap.put(Ljava/lang/ObjectLjava/lang/Object)Z 1.06%
                                                                            [J]com.google.common.collect.AbstractMapBasedMultimap.put(Ljava/lang/ObjectLjava/lang/Object)Z 1.06%
                                                    [J]java.util.regex.Pattern.matcher(Ljava/lang/CharSequence)Ljava/util/regex/Matcher 1.60%
                                                      [J]java.util.regex.Matcher.<init>(Ljava/util/regex/PatternLjava/lang/CharSequence)V 1.57%
                                                        [J]java.util.regex.Matcher.usePattern(Ljava/util/regex/Pattern)Ljava/util/regex/Matcher 1.41%
                                                          [j]com.android.icu.util.regex.MatcherNative.create(Lcom/android/icu/util/regex/PatternNative)Lcom/android/icu/util/regex/MatcherNative[clinit] 1.14%
                                                            [J]com.android.icu.util.regex.MatcherNative.create(Lcom/android/icu/util/regex/PatternNative)Lcom/android/icu/util/regex/MatcherNative 1.14%
                                                              [J]com.android.icu.util.regex.MatcherNative.<init>(Lcom/android/icu/util/regex/PatternNative)V 1.04%
                                                    [j]forge.util.FileUtil.readFile(Ljava/io/File)Ljava/util/List[clinit] 1.24%
                                                      [J]forge.util.FileUtil.readFile(Ljava/io/File)Ljava/util/List 1.24%
                                                        [J]forge.util.FileUtil.readAllLines(Ljava/io/FileZ)Ljava/util/List 1.23%
                              [j]forge.deck.CardArchetypeLDAGenerator.initialize()Z[clinit] 6.77%
                                [J]forge.deck.CardArchetypeLDAGenerator.initialize()Z 6.77%
                                  [J]forge.deck.CardArchetypeLDAGenerator.initializeFormat(Ljava/lang/String)Z 6.77%
                                    [j]forge.deck.io.CardThemedLDAIO.loadLDA(Ljava/lang/String)Ljava/util/Map[clinit] 3.17%
                                      [J]forge.deck.io.CardThemedLDAIO.loadLDA(Ljava/lang/String)Ljava/util/Map 3.17%
                                        [J]java.io.ObjectInputStream.readObject()Ljava/lang/Object 3.16%
                                          [J]java.io.ObjectInputStream.readObject0(Z)Ljava/lang/Object 3.16%
                                            [J]java.io.ObjectInputStream.readOrdinaryObject(Z)Ljava/lang/Object 3.16%
                                              [J]java.io.ObjectInputStream.readSerialData(Ljava/lang/ObjectLjava/io/ObjectStreamClass)V 3.16%
                                                [J]java.io.ObjectStreamClass.invokeReadObject(Ljava/lang/ObjectLjava/io/ObjectInputStream)V 3.16%
                                                  [J]java.lang.reflect.Method.invoke(Ljava/lang/Object[Ljava/lang/Object)Ljava/lang/Object 3.16%
                                                    [J]java.lang.reflect.Method.internalInvoke(J[Ljava/lang/ClassLjava/lang/Object[Ljava/lang/Object)Ljava/lang/Object 3.16%
                                                      Java_java_lang_reflect_Method_internalInvoke 3.16%
                                                        rvmCallVoidInstanceMethodA 3.16%
                                                          callVoidMethod 3.16%
                                                            _call0 3.16%
                                                              [J]java.util.HashMap.readObject(Ljava/io/ObjectInputStream)V 3.16%
                                                                [J]java.io.ObjectInputStream.readObject()Ljava/lang/Object 3.14%
                                                                  [J]java.io.ObjectInputStream.readObject0(Z)Ljava/lang/Object 3.13%
                                                                    [J]java.io.ObjectInputStream.readOrdinaryObject(Z)Ljava/lang/Object 3.07%
                                                                      [J]java.io.ObjectInputStream.readSerialData(Ljava/lang/ObjectLjava/io/ObjectStreamClass)V 2.96%
                                                                        [J]java.io.ObjectStreamClass.invokeReadObject(Ljava/lang/ObjectLjava/io/ObjectInputStream)V 2.89%
                                                                          [J]java.lang.reflect.Method.invoke(Ljava/lang/Object[Ljava/lang/Object)Ljava/lang/Object 2.89%
                                                                            [J]java.lang.reflect.Method.internalInvoke(J[Ljava/lang/ClassLjava/lang/Object[Ljava/lang/Object)Ljava/lang/Object 2.89%
                                                                              Java_java_lang_reflect_Method_internalInvoke 2.89%
                                                                                rvmCallVoidInstanceMethodA 2.88%
                                                                                  callVoidMethod 2.88%
                                                                                    _call0 2.88%
                                                                                      [J]java.util.ArrayList.readObject(Ljava/io/ObjectInputStream)V 2.87%
                                                                                        [J]java.io.ObjectInputStream.readObject()Ljava/lang/Object 2.69%
                                                                                          [J]java.io.ObjectInputStream.readObject0(Z)Ljava/lang/Object 2.68%
                                                                                            [J]java.io.ObjectInputStream.readOrdinaryObject(Z)Ljava/lang/Object 2.46%
                                                                                              [J]java.io.ObjectInputStream.readSerialData(Ljava/lang/ObjectLjava/io/ObjectStreamClass)V 2.45%
                                                                                                [J]java.io.ObjectStreamClass.invokeReadObject(Ljava/lang/ObjectLjava/io/ObjectInputStream)V 2.44%
                                                                                                  [J]java.lang.reflect.Method.invoke(Ljava/lang/Object[Ljava/lang/Object)Ljava/lang/Object 2.44%
                                                                                                    [J]java.lang.reflect.Method.internalInvoke(J[Ljava/lang/ClassLjava/lang/Object[Ljava/lang/Object)Ljava/lang/Object 2.44%
                                                                                                      Java_java_lang_reflect_Method_internalInvoke 2.44%
                                                                                                        rvmCallVoidInstanceMethodA 2.44%
                                                                                                          callVoidMethod 2.44%
                                                                                                            _call0 2.44%
                                                                                                              [J]java.util.ArrayList.readObject(Ljava/io/ObjectInputStream)V 2.44%
                                                                                                                [J]java.io.ObjectInputStream.readObject()Ljava/lang/Object 2.40%
                                                                                                                  [J]java.io.ObjectInputStream.readObject0(Z)Ljava/lang/Object 2.38%
                                                                                                                    [J]java.io.ObjectInputStream.readOrdinaryObject(Z)Ljava/lang/Object 2.22%
                                                                                                                      [J]java.io.ObjectInputStream.readSerialData(Ljava/lang/ObjectLjava/io/ObjectStreamClass)V 1.75%
                                                                                                                        [J]java.io.ObjectInputStream.defaultReadFields(Ljava/lang/ObjectLjava/io/ObjectStreamClass)V 1.70%
                                                                                                                          [J]java.io.ObjectInputStream.readObject0(Z)Ljava/lang/Object 1.57%
                                                                                                                            [J]java.io.ObjectInputStream.readOrdinaryObject(Z)Ljava/lang/Object 1.07%
                                    [j]forge.deck.io.CardThemedLDAIO.loadRawLDA(Ljava/lang/String)Ljava/util/List[clinit] 3.58%
                                      [J]forge.deck.io.CardThemedLDAIO.loadRawLDA(Ljava/lang/String)Ljava/util/List 3.58%
                                        [J]java.io.ObjectInputStream.readObject()Ljava/lang/Object 3.58%
                                          [J]java.io.ObjectInputStream.readObject0(Z)Ljava/lang/Object 3.58%
                                            [J]java.io.ObjectInputStream.readOrdinaryObject(Z)Ljava/lang/Object 3.58%
                                              [J]java.io.ObjectInputStream.readSerialData(Ljava/lang/ObjectLjava/io/ObjectStreamClass)V 3.58%
                                                [J]java.io.ObjectStreamClass.invokeReadObject(Ljava/lang/ObjectLjava/io/ObjectInputStream)V 3.58%
                                                  [J]java.lang.reflect.Method.invoke(Ljava/lang/Object[Ljava/lang/Object)Ljava/lang/Object 3.58%
                                                    [J]java.lang.reflect.Method.internalInvoke(J[Ljava/lang/ClassLjava/lang/Object[Ljava/lang/Object)Ljava/lang/Object 3.58%
                                                      Java_java_lang_reflect_Method_internalInvoke 3.58%
                                                        rvmCallVoidInstanceMethodA 3.58%
                                                          callVoidMethod 3.58%
                                                            _call0 3.58%
                                                              [J]java.util.ArrayList.readObject(Ljava/io/ObjectInputStream)V 3.58%
                                                                [J]java.io.ObjectInputStream.readObject()Ljava/lang/Object 3.58%
                                                                  [J]java.io.ObjectInputStream.readObject0(Z)Ljava/lang/Object 3.58%
                                                                    [J]java.io.ObjectInputStream.readOrdinaryObject(Z)Ljava/lang/Object 3.58%
                                                                      [J]java.io.ObjectInputStream.readSerialData(Ljava/lang/ObjectLjava/io/ObjectStreamClass)V 3.57%
                                                                        [J]java.io.ObjectInputStream.defaultReadFields(Ljava/lang/ObjectLjava/io/ObjectStreamClass)V 3.57%
                                                                          [J]java.io.ObjectInputStream.readObject0(Z)Ljava/lang/Object 3.56%
                                                                            [J]java.io.ObjectInputStream.readOrdinaryObject(Z)Ljava/lang/Object 3.53%
                                                                              [J]java.io.ObjectInputStream.readSerialData(Ljava/lang/ObjectLjava/io/ObjectStreamClass)V 3.52%
                                                                                [J]java.io.ObjectStreamClass.invokeReadObject(Ljava/lang/ObjectLjava/io/ObjectInputStream)V 3.49%
                                                                                  [J]java.lang.reflect.Method.invoke(Ljava/lang/Object[Ljava/lang/Object)Ljava/lang/Object 3.49%
                                                                                    [J]java.lang.reflect.Method.internalInvoke(J[Ljava/lang/ClassLjava/lang/Object[Ljava/lang/Object)Ljava/lang/Object 3.49%
                                                                                      Java_java_lang_reflect_Method_internalInvoke 3.49%
                                                                                        rvmCallVoidInstanceMethodA 3.49%
                                                                                          callVoidMethod 3.49%
                                                                                            _call0 3.49%
                                                                                              [J]java.util.ArrayList.readObject(Ljava/io/ObjectInputStream)V 3.49%
                                                                                                [J]java.io.ObjectInputStream.readObject()Ljava/lang/Object 3.46%
                                                                                                  [J]java.io.ObjectInputStream.readObject0(Z)Ljava/lang/Object 3.45%
                                                                                                    [J]java.io.ObjectInputStream.readOrdinaryObject(Z)Ljava/lang/Object 3.19%
                                                                                                      [J]java.io.ObjectInputStream.readSerialData(Ljava/lang/ObjectLjava/io/ObjectStreamClass)V 2.06%
                                                                                                        [J]java.io.ObjectInputStream.defaultReadFields(Ljava/lang/ObjectLjava/io/ObjectStreamClass)V 2.01%
                                                                                                          [J]java.io.ObjectInputStream.readObject0(Z)Ljava/lang/Object 1.85%
                              [j]forge.deck.CardRelationMatrixGenerator.initialize()Z[clinit] 8.25%
                                [J]forge.deck.CardRelationMatrixGenerator.initialize()Z 8.25%
                                  [J]forge.deck.CardRelationMatrixGenerator.initializeFormat(Lforge/deck/DeckFormat)Z 8.25%
                                    [j]forge.deck.io.CardThemedMatrixIO.loadMatrix(Ljava/lang/String)Ljava/util/HashMap[clinit] 8.25%
                                      [J]forge.deck.io.CardThemedMatrixIO.loadMatrix(Ljava/lang/String)Ljava/util/HashMap 8.25%
                                        [J]java.io.ObjectInputStream.readObject()Ljava/lang/Object 8.25%
                                          [J]java.io.ObjectInputStream.readObject0(Z)Ljava/lang/Object 8.25%
                                            [J]java.io.ObjectInputStream.readOrdinaryObject(Z)Ljava/lang/Object 8.25%
                                              [J]java.io.ObjectInputStream.readSerialData(Ljava/lang/ObjectLjava/io/ObjectStreamClass)V 8.25%
                                                [J]java.io.ObjectStreamClass.invokeReadObject(Ljava/lang/ObjectLjava/io/ObjectInputStream)V 8.25%
                                                  [J]java.lang.reflect.Method.invoke(Ljava/lang/Object[Ljava/lang/Object)Ljava/lang/Object 8.25%
                                                    [J]java.lang.reflect.Method.internalInvoke(J[Ljava/lang/ClassLjava/lang/Object[Ljava/lang/Object)Ljava/lang/Object 8.25%
                                                      Java_java_lang_reflect_Method_internalInvoke 8.25%
                                                        rvmCallVoidInstanceMethodA 8.25%
                                                          callVoidMethod 8.25%
                                                            _call0 8.25%
                                                              [J]java.util.HashMap.readObject(Ljava/io/ObjectInputStream)V 8.25%
                                                                [J]java.io.ObjectInputStream.readObject()Ljava/lang/Object 8.25%
                                                                  [J]java.io.ObjectInputStream.readObject0(Z)Ljava/lang/Object 8.25%
                                                                    [J]java.io.ObjectInputStream.readOrdinaryObject(Z)Ljava/lang/Object 8.23%
                                                                      [J]java.io.ObjectInputStream.readSerialData(Ljava/lang/ObjectLjava/io/ObjectStreamClass)V 8.22%
                                                                        [J]java.io.ObjectStreamClass.invokeReadObject(Ljava/lang/ObjectLjava/io/ObjectInputStream)V 8.22%
                                                                          [J]java.lang.reflect.Method.invoke(Ljava/lang/Object[Ljava/lang/Object)Ljava/lang/Object 8.22%
                                                                            [J]java.lang.reflect.Method.internalInvoke(J[Ljava/lang/ClassLjava/lang/Object[Ljava/lang/Object)Ljava/lang/Object 8.22%
                                                                              Java_java_lang_reflect_Method_internalInvoke 8.22%
                                                                                rvmCallVoidInstanceMethodA 8.22%
                                                                                  callVoidMethod 8.22%
                                                                                    _call0 8.22%
                                                                                      [J]java.util.ArrayList.readObject(Ljava/io/ObjectInputStream)V 8.22%
                                                                                        [J]java.io.ObjectInputStream.readObject()Ljava/lang/Object 8.19%
                                                                                          [J]java.io.ObjectInputStream.readObject0(Z)Ljava/lang/Object 8.17%
                                                                                            [J]java.io.ObjectInputStream.readOrdinaryObject(Z)Ljava/lang/Object 8.04%
                                                                                              [J]java.io.ObjectInputStream.readSerialData(Ljava/lang/ObjectLjava/io/ObjectStreamClass)V 7.54%
                                                                                                [J]java.io.ObjectInputStream.defaultReadFields(Ljava/lang/ObjectLjava/io/ObjectStreamClass)V 7.52%
                                                                                                  [J]java.io.ObjectInputStream.readObject0(Z)Ljava/lang/Object 7.43%
                                                                                                    [J]java.io.ObjectInputStream.readOrdinaryObject(Z)Ljava/lang/Object 6.84%
                                                                                                      [J]java.io.ObjectInputStream.readSerialData(Ljava/lang/ObjectLjava/io/ObjectStreamClass)V 4.01%
                                                                                                        [J]java.io.ObjectStreamClass.invokeReadObject(Ljava/lang/ObjectLjava/io/ObjectInputStream)V 4.01%
                                                                                                          [J]java.lang.reflect.Method.invoke(Ljava/lang/Object[Ljava/lang/Object)Ljava/lang/Object 3.98%
                                                                                                            [J]java.lang.reflect.Method.internalInvoke(J[Ljava/lang/ClassLjava/lang/Object[Ljava/lang/Object)Ljava/lang/Object 3.98%
                                                                                                              Java_java_lang_reflect_Method_internalInvoke 3.98%
                                                                                                                rvmCallVoidInstanceMethodA 3.96%
                                                                                                                  callVoidMethod 3.96%
                                                                                                                    _call0 3.96%
                                                                                                                      [J]forge.item.PaperCard.readObject(Ljava/io/ObjectInputStream)V 3.96%
                                                                                                                        [J]forge.card.CardDb.getCard(Ljava/lang/StringLjava/lang/StringI)Lforge/item/PaperCard 2.36%
                                                                                                                          [J]forge.card.CardDb.tryGetCard(Lforge/card/CardDb$CardRequest)Lforge/item/PaperCard 1.69%
                                                                                                                            [J]forge.card.CardDb.getCardFromSet(Ljava/lang/StringLforge/card/CardEditionILjava/lang/StringZ)Lforge/item/PaperCard 1.63%
                                                                                                      [J]java.io.ObjectStreamClass.invokeReadResolve(Ljava/lang/Object)Ljava/lang/Object 2.46%
                                                                                                        [J]java.lang.reflect.Method.invoke(Ljava/lang/Object[Ljava/lang/Object)Ljava/lang/Object 2.45%
                                                                                                          [J]java.lang.reflect.Method.internalInvoke(J[Ljava/lang/ClassLjava/lang/Object[Ljava/lang/Object)Ljava/lang/Object 2.44%
                                                                                                            Java_java_lang_reflect_Method_internalInvoke 2.44%
                                                                                                              rvmCallObjectInstanceMethodA 2.43%
                                                                                                                callObjectMethod 2.43%
                                                                                                                  _call0 2.43%
                                                                                                                    [J]forge.item.PaperCard.readResolve()Ljava/lang/Object 2.43%
                                                                                                                      [J]forge.item.PaperCard.<init>(Lforge/item/PaperCardLforge/item/PaperCard$PaperCardFlags)V 2.41%
                                                                                                                        [J]forge.item.PaperCard.<init>(Lforge/card/CardRulesLjava/lang/StringLforge/card/CardRarityIZLjava/lang/StringLjava/lang/StringLjava/lang/StringLforge/item/PaperCard$PaperCardFlags)V 2.41%
                                                                                                                          [j]forge.util.TextUtil.toSortableName(Ljava/lang/String)Ljava/lang/String[clinit] 2.37%
                                                                                                                            [J]forge.util.TextUtil.toSortableName(Ljava/lang/String)Ljava/lang/String 2.37%
                                                                                                                              [J]forge.util.TextUtil.moveArticleToEnd(Ljava/lang/String)Ljava/lang/String 1.06%
                                                                                                                              [J]java.util.regex.Pattern.matcher(Ljava/lang/CharSequence)Ljava/util/regex/Matcher 1.17%
                                                                                                                                [J]java.util.regex.Matcher.<init>(Ljava/util/regex/PatternLjava/lang/CharSequence)V 1.16%
                                                                                                                                  [J]java.util.regex.Matcher.usePattern(Ljava/util/regex/Pattern)Ljava/util/regex/Matcher 1.12%
                                                                                                                                    [j]com.android.icu.util.regex.MatcherNative.create(Lcom/android/icu/util/regex/PatternNative)Lcom/android/icu/util/regex/MatcherNative[clinit] 1.11%
                                                                                                                                      [J]com.android.icu.util.regex.MatcherNative.create(Lcom/android/icu/util/regex/PatternNative)Lcom/android/icu/util/regex/MatcherNative 1.11%
                                                                                                                                        [J]com.android.icu.util.regex.MatcherNative.<init>(Lcom/android/icu/util/regex/PatternNative)V 1.11%
                                                                                                                                          [J]libcore.util.NativeAllocationRegistry.registerNativeAllocation(Ljava/lang/ObjectJ)Ljava/lang/Runnable 1.06%
                    [J]java.util.concurrent.ThreadPoolExecutor$Worker.run()V 17.13%
                      [J]java.util.concurrent.ThreadPoolExecutor.runWorker(Ljava/util/concurrent/ThreadPoolExecutor$Worker)V 17.13%
                        [J]java.util.concurrent.FutureTask.run()V 17.13%
                          [J]com.badlogic.gdx.utils.async.AsyncExecutor$2.call()Ljava/lang/Object 2.05%
                            [J]com.badlogic.gdx.assets.AssetLoadingTask.call()Ljava/lang/Object 2.05%
                              [J]com.badlogic.gdx.assets.AssetLoadingTask.call()Ljava/lang/Void 2.05%
                                [J]com.badlogic.gdx.assets.loaders.BitmapFontLoader.getDependencies(Ljava/lang/StringLcom/badlogic/gdx/files/FileHandleLcom/badlogic/gdx/assets/AssetLoaderParameters)Lcom/badlogic/gdx/utils/Array 1.55%
                                  [J]com.badlogic.gdx.assets.loaders.BitmapFontLoader.getDependencies(Ljava/lang/StringLcom/badlogic/gdx/files/FileHandleLcom/badlogic/gdx/assets/loaders/BitmapFontLoader$BitmapFontParameter)Lcom/badlogic/gdx/utils/Array 1.55%
                                    [J]com.badlogic.gdx.graphics.g2d.BitmapFont$BitmapFontData.<init>(Lcom/badlogic/gdx/files/FileHandleZ)V 1.55%
                                      [J]com.badlogic.gdx.graphics.g2d.BitmapFont$BitmapFontData.load(Lcom/badlogic/gdx/files/FileHandleZ)V 1.55%
                          [J]forge.CardStorageReader$$Lambda$6.call()Ljava/lang/Object 15.08%
                            [J]forge.CardStorageReader.lambda$makeTaskListForFiles$0(Ljava/util/ListIILjava/util/concurrent/CountDownLatchI)Ljava/util/List 15.08%
                              [J]forge.CardStorageReader.loadCardsInRange(Ljava/util/ListII)Ljava/util/List 15.08%
                                [J]forge.CardStorageReader.loadCard(Lforge/card/CardRules$ReaderLjava/io/File)Lforge/card/CardRules 15.07%
                                  [J]forge.CardStorageReader.readScript(Ljava/io/InputStream)Ljava/util/List 8.27%
                                    [J]java.io.InputStreamReader.<init>(Ljava/io/InputStreamLjava/nio/charset/Charset)V 2.90%
                                      [j]sun.nio.cs.StreamDecoder.forInputStreamReader(Ljava/io/InputStreamLjava/lang/ObjectLjava/nio/charset/Charset)Lsun/nio/cs/StreamDecoder[clinit] 2.90%
                                        [J]sun.nio.cs.StreamDecoder.forInputStreamReader(Ljava/io/InputStreamLjava/lang/ObjectLjava/nio/charset/Charset)Lsun/nio/cs/StreamDecoder 2.90%
                                          [J]sun.nio.cs.StreamDecoder.<init>(Ljava/io/InputStreamLjava/lang/ObjectLjava/nio/charset/Charset)V 2.90%
                                            [J]sun.nio.cs.StreamDecoder.<init>(Ljava/io/InputStreamLjava/lang/ObjectLjava/nio/charset/CharsetDecoder)V 2.50%
                                              [j]java.nio.ByteBuffer.allocate(I)Ljava/nio/ByteBuffer[clinit] 2.50%
                                                [J]java.nio.ByteBuffer.allocate(I)Ljava/nio/ByteBuffer 2.50%
                                                  [J]java.nio.HeapByteBuffer.<init>(II)V 2.50%
                                                    [J]java.nio.HeapByteBuffer.<init>(IIZ)V 2.50%
                                                      _bcNewByteArray 2.50%
                                                        rvmNewByteArray 2.50%
                                                          newArray 2.50%
                                                            rvmAllocateMemoryForArray 2.50%
                                                              GC_gcj_malloc 2.50%
                                                                GC_core_gcj_malloc 2.50%
                                                                  GC_generic_malloc_inner 2.50%
                                                                    GC_alloc_large_and_clear 2.50%
                                                                      GC_alloc_large 2.50%
                                                                        GC_collect_or_expand 2.50%
                                                                          GC_try_to_collect_inner 2.50%
                                                                            GC_stopped_mark 2.16%
                                                                              GC_mark_some 1.94%
                                                                                GC_do_parallel_mark 1.79%
                                                                                  GC_mark_local 1.79%
                                                                                    GC_do_local_mark 1.78%
                                                                                      GC_mark_from 1.75%
                                    [j]forge.util.FileUtil.readAllLines(Ljava/io/ReaderZ)Ljava/util/List[clinit] 5.36%
                                      [J]forge.util.FileUtil.readAllLines(Ljava/io/ReaderZ)Ljava/util/List 5.36%
                                        [J]java.io.BufferedReader.<init>(Ljava/io/Reader)V 3.52%
                                          [J]java.io.BufferedReader.<init>(Ljava/io/ReaderI)V 3.52%
                                            _bcNewCharArray 3.52%
                                              rvmNewCharArray 3.52%
                                                newArray 3.52%
                                                  rvmAllocateMemoryForArray 3.52%
                                                    GC_gcj_malloc 3.52%
                                                      GC_core_gcj_malloc 3.52%
                                                        GC_generic_malloc_inner 3.52%
                                                          GC_alloc_large_and_clear 3.52%
                                                            GC_alloc_large 3.52%
                                                              GC_collect_or_expand 3.51%
                                                                GC_try_to_collect_inner 3.51%
                                                                  GC_stopped_mark 3.02%
                                                                    GC_mark_some 2.51%
                                                                      GC_do_parallel_mark 2.34%
                                                                        GC_mark_local 2.34%
                                                                          GC_do_local_mark 2.32%
                                                                            GC_mark_from 2.24%
                                        [J]java.io.BufferedReader.readLine()Ljava/lang/String 1.06%
                                          [J]java.io.BufferedReader.readLine(Z)Ljava/lang/String 1.06%
                                            [J]java.lang.String.<init>([CII)V 1.04%
                                              _bcNewCharArray 1.03%
                                                rvmNewCharArray 1.03%
                                                  newArray 1.03%
                                                    rvmAllocateMemoryForArray 1.03%
                                                      GC_gcj_malloc 1.03%
                                  [J]forge.card.CardRules$Reader.readCard(Ljava/lang/IterableLjava/lang/String)Lforge/card/CardRules 5.24%
                                    [J]forge.card.CardRules$Reader.getCard()Lforge/card/CardRules 1.14%
                                      [J]forge.card.CardRules.<init>([Lforge/card/ICardFaceLforge/card/CardSplitTypeLforge/card/CardAiHints)V 1.11%
                                    [J]forge.card.CardRules$Reader.parseLine(Ljava/lang/StringLforge/card/CardFace)V 4.10%
                                      [J]forge.card.mana.ManaCost.<init>(Ljava/lang/String)V 1.66%
                                        [J]forge.card.mana.ManaCost.<init>(Lforge/card/mana/IParserManaCost)V 1.66%
